10:30:36.185 [main] INFO  testCases.TC003_LoginDDT - ***Starting TC003_LoginTest***
10:30:41.992 [main] INFO  testCases.TC003_LoginDDT - ***Finished TC003_LoginTest***
10:49:15.076 [main] INFO  org.testng.internal.Utils - [TestNG] Running:
  F:\Selenium_2026\workspace_Selenium\OpenCart1\grouping.xml

10:49:21.715 [main] INFO  testCases.TC001_AccountRegistrationTest - ***Strting TC001_AccountRegistrationTest ****
10:49:21.950 [main] INFO  testCases.TC001_AccountRegistrationTest - Clicked on Myaccount Link
10:49:22.592 [main] INFO  testCases.TC001_AccountRegistrationTest - Clicked on Register Link
10:49:22.597 [main] INFO  testCases.TC001_AccountRegistrationTest - Providing customer details
10:49:24.845 [main] INFO  testCases.TC001_AccountRegistrationTest - Validating expected message
10:49:24.920 [main] INFO  testCases.TC001_AccountRegistrationTest - ****Finished TC001_AccountRegistrationTest ****
10:49:28.750 [main] INFO  testCases.TC002_LoginTest - ***Start TC2_LoginTest***
10:49:30.901 [main] INFO  testCases.TC002_LoginTest - ***Finished TC2_LoginTest***
10:50:38.034 [main] INFO  org.testng.internal.Utils - [TestNG] Running:
  F:\Selenium_2026\workspace_Selenium\OpenCart1\grouping.xml

10:50:46.724 [main] INFO  testCases.TC002_LoginTest - ***Start TC2_LoginTest***
10:50:49.429 [main] INFO  testCases.TC002_LoginTest - ***Finished TC2_LoginTest***
13:10:39.701 [main] INFO  org.testng.internal.Utils - [TestNG] Running:
  F:\Selenium_2026\workspace_Selenium\OpenCart1\grouping.xml

13:10:50.190 [main] INFO  testCases.TC001_AccountRegistrationTest - ***Strting TC001_AccountRegistrationTest ****
13:10:50.414 [main] INFO  testCases.TC001_AccountRegistrationTest - Clicked on Myaccount Link
13:10:51.205 [main] INFO  testCases.TC001_AccountRegistrationTest - Clicked on Register Link
13:10:51.211 [main] INFO  testCases.TC001_AccountRegistrationTest - Providing customer details
13:10:53.930 [main] INFO  testCases.TC001_AccountRegistrationTest - Validating expected message
13:10:54.006 [main] INFO  testCases.TC001_AccountRegistrationTest - ****Finished TC001_AccountRegistrationTest ****
13:10:57.136 [main] INFO  testCases.TC002_LoginTest - ***Start TC2_LoginTest***
13:10:59.823 [main] INFO  testCases.TC002_LoginTest - ***Finished TC2_LoginTest***
13:13:33.726 [main] INFO  org.testng.internal.Utils - [TestNG] Running:
  F:\Selenium_2026\workspace_Selenium\OpenCart1\grouping.xml

13:13:38.435 [main] INFO  testCases.TC001_AccountRegistrationTest - ***Strting TC001_AccountRegistrationTest ****
13:13:38.669 [main] INFO  testCases.TC001_AccountRegistrationTest - Clicked on Myaccount Link
13:13:39.281 [main] INFO  testCases.TC001_AccountRegistrationTest - Clicked on Register Link
13:13:39.286 [main] INFO  testCases.TC001_AccountRegistrationTest - Providing customer details
13:13:42.458 [main] INFO  testCases.TC001_AccountRegistrationTest - Validating expected message
13:13:42.529 [main] INFO  testCases.TC001_AccountRegistrationTest - ****Finished TC001_AccountRegistrationTest ****
13:13:45.699 [main] INFO  testCases.TC002_LoginTest - ***Start TC2_LoginTest***
13:24:06.089 [main] INFO  org.testng.internal.Utils - [TestNG] Running:
  F:\Selenium_2026\workspace_Selenium\OpenCart1\master.xml

13:24:10.676 [main] INFO  testCases.TC001_AccountRegistrationTest - ***Strting TC001_AccountRegistrationTest ****
13:24:10.954 [main] INFO  testCases.TC001_AccountRegistrationTest - Clicked on Myaccount Link
13:24:11.590 [main] INFO  testCases.TC001_AccountRegistrationTest - Clicked on Register Link
13:24:11.595 [main] INFO  testCases.TC001_AccountRegistrationTest - Providing customer details
13:24:14.553 [main] INFO  testCases.TC001_AccountRegistrationTest - Validating expected message
13:24:14.627 [main] INFO  testCases.TC001_AccountRegistrationTest - ****Finished TC001_AccountRegistrationTest ****
13:24:18.070 [main] INFO  testCases.TC002_LoginTest - ***Start TC2_LoginTest***
22:04:12.864 [main] INFO  testCases.TC001_AccountRegistrationTest - ***Strting TC001_AccountRegistrationTest ****
22:04:13.341 [main] INFO  testCases.TC001_AccountRegistrationTest - Clicked on Myaccount Link
22:04:14.567 [main] INFO  testCases.TC001_AccountRegistrationTest - Clicked on Register Link
22:04:14.584 [main] INFO  testCases.TC001_AccountRegistrationTest - Providing customer details
22:04:18.398 [main] INFO  testCases.TC001_AccountRegistrationTest - Validating expected message
22:04:18.483 [main] INFO  testCases.TC001_AccountRegistrationTest - ****Finished TC001_AccountRegistrationTest ****
22:04:23.130 [main] INFO  testCases.TC002_LoginTest - ***Start TC2_LoginTest***
22:04:26.628 [main] INFO  testCases.TC002_LoginTest - ***Finished TC2_LoginTest***
22:42:51.809 [main] INFO  testCases.TC001_AccountRegistrationTest - ***Strting TC001_AccountRegistrationTest ****
22:42:52.195 [main] INFO  testCases.TC001_AccountRegistrationTest - Clicked on Myaccount Link
22:42:52.904 [main] INFO  testCases.TC001_AccountRegistrationTest - Clicked on Register Link
